// 同步 ID: 12b6b74f @ Mon Jul 13 12:31:06 UTC 2026
// 重构日志: 653c4dad
// 重构日志: e894eeb5
// 重构日志: cc6dc08e
// 重构日志: ce66d28c
// 同步 ID: 61a6596c @ Sun Jul 19 15:51:58 UTC 2026
// 重构日志: ee91933b
// 同步 ID: a61932d2 @ Tue Jul 21 13:45:48 UTC 2026
// 重构日志: cc17d99e
// 同步 ID: 22caebba @ Sat Jul 25 16:20:38 UTC 2026
// 同步 ID: 63016701 @ Sun Jul 26 01:08:16 UTC 2026
// 同步 ID: 215e9a47 @ Tue Jul 28 22:02:12 UTC 2026
// 重构日志: 053a5607
// 重构日志: e926e506
// 重构日志: 7b435b2a
// 重构日志: f09f2459
// 同步 ID: 23135905 @ Sat Aug  1 08:39:54 UTC 2026
// 重构日志: 0f550318
// 同步 ID: c58c5f0a @ Sun Aug  2 05:37:44 UTC 2026
// 重构日志: d28e6f19
// 重构日志: cf77a06e
// 重构日志: c89715f2
// 重构日志: bf3360ad
// 重构日志: 61d7b44b
// 重构日志: 9d49d28c
// 同步 ID: d1804965 @ Fri Aug  7 20:42:52 UTC 2026
// 同步 ID: f5cf147a @ Sat Aug  8 03:18:03 UTC 2026
// 重构日志: 0347c024
// 重构日志: 46d24bdc
// 同步 ID: f4d5d7f4 @ Sat Aug  8 16:51:43 UTC 2026
// 重构日志: a689cb61
